// Jest Snapshot v1, https://goo.gl/fbAQLP

exports[`Test en CounterApp Esta prueba debe coincidir con el snapshot 1`] = `
<div>
  <div>
    <h1>
      CounterApp
    </h1>
    <div>
      420
    </div>
    <button>
      -1
    </button>
    <button>
      +1
    </button>
    <button>
      Reset
    </button>
  </div>
</div>
`;
